Archive member included to satisfy reference by file (symbol)

C:/ST/STM32CubeIDE_1.16.0/STM32CubeIDE/plugins/com.st.stm32cube.ide.mcu.externaltools.gnu-tools-for-stm32.12.3.rel1.win32_1.0.200.202406191623/tools/bin/../lib/gcc/arm-none-eabi/12.3.1/../../../../arm-none-eabi/lib/thumb/v7e-m+fp/hard\libc_nano.a(libc_a-exit.o)
                              C:/ST/STM32CubeIDE_1.16.0/STM32CubeIDE/plugins/com.st.stm32cube.ide.mcu.externaltools.gnu-tools-for-stm32.12.3.rel1.win32_1.0.200.202406191623/tools/bin/../lib/gcc/arm-none-eabi/12.3.1/../../../../arm-none-eabi/lib/thumb/v7e-m+fp/hard/crt0.o (exit)
C:/ST/STM32CubeIDE_1.16.0/STM32CubeIDE/plugins/com.st.stm32cube.ide.mcu.externaltools.gnu-tools-for-stm32.12.3.rel1.win32_1.0.200.202406191623/tools/bin/../lib/gcc/arm-none-eabi/12.3.1/../../../../arm-none-eabi/lib/thumb/v7e-m+fp/hard\libc_nano.a(libc_a-findfp.o)
                              C:/ST/STM32CubeIDE_1.16.0/STM32CubeIDE/plugins/com.st.stm32cube.ide.mcu.externaltools.gnu-tools-for-stm32.12.3.rel1.win32_1.0.200.202406191623/tools/bin/../lib/gcc/arm-none-eabi/12.3.1/../../../../arm-none-eabi/lib/thumb/v7e-m+fp/hard\libc_nano.a(libc_a-exit.o) (__stdio_exit_handler)
C:/ST/STM32CubeIDE_1.16.0/STM32CubeIDE/plugins/com.st.stm32cube.ide.mcu.externaltools.gnu-tools-for-stm32.12.3.rel1.win32_1.0.200.202406191623/tools/bin/../lib/gcc/arm-none-eabi/12.3.1/../../../../arm-none-eabi/lib/thumb/v7e-m+fp/hard\libc_nano.a(libc_a-fwalk.o)
                              C:/ST/STM32CubeIDE_1.16.0/STM32CubeIDE/plugins/com.st.stm32cube.ide.mcu.externaltools.gnu-tools-for-stm32.12.3.rel1.win32_1.0.200.202406191623/tools/bin/../lib/gcc/arm-none-eabi/12.3.1/../../../../arm-none-eabi/lib/thumb/v7e-m+fp/hard\libc_nano.a(libc_a-findfp.o) (_fwalk_sglue)
C:/ST/STM32CubeIDE_1.16.0/STM32CubeIDE/plugins/com.st.stm32cube.ide.mcu.externaltools.gnu-tools-for-stm32.12.3.rel1.win32_1.0.200.202406191623/tools/bin/../lib/gcc/arm-none-eabi/12.3.1/../../../../arm-none-eabi/lib/thumb/v7e-m+fp/hard\libc_nano.a(libc_a-snprintf.o)
                              ./HAL/LCD/lcd.o (snprintf)
C:/ST/STM32CubeIDE_1.16.0/STM32CubeIDE/plugins/com.st.stm32cube.ide.mcu.externaltools.gnu-tools-for-stm32.12.3.rel1.win32_1.0.200.202406191623/tools/bin/../lib/gcc/arm-none-eabi/12.3.1/../../../../arm-none-eabi/lib/thumb/v7e-m+fp/hard\libc_nano.a(libc_a-stdio.o)
                              C:/ST/STM32CubeIDE_1.16.0/STM32CubeIDE/plugins/com.st.stm32cube.ide.mcu.externaltools.gnu-tools-for-stm32.12.3.rel1.win32_1.0.200.202406191623/tools/bin/../lib/gcc/arm-none-eabi/12.3.1/../../../../arm-none-eabi/lib/thumb/v7e-m+fp/hard\libc_nano.a(libc_a-findfp.o) (__sread)
C:/ST/STM32CubeIDE_1.16.0/STM32CubeIDE/plugins/com.st.stm32cube.ide.mcu.externaltools.gnu-tools-for-stm32.12.3.rel1.win32_1.0.200.202406191623/tools/bin/../lib/gcc/arm-none-eabi/12.3.1/../../../../arm-none-eabi/lib/thumb/v7e-m+fp/hard\libc_nano.a(libc_a-memset.o)
                              C:/ST/STM32CubeIDE_1.16.0/STM32CubeIDE/plugins/com.st.stm32cube.ide.mcu.externaltools.gnu-tools-for-stm32.12.3.rel1.win32_1.0.200.202406191623/tools/bin/../lib/gcc/arm-none-eabi/12.3.1/../../../../arm-none-eabi/lib/thumb/v7e-m+fp/hard/crt0.o (memset)
C:/ST/STM32CubeIDE_1.16.0/STM32CubeIDE/plugins/com.st.stm32cube.ide.mcu.externaltools.gnu-tools-for-stm32.12.3.rel1.win32_1.0.200.202406191623/tools/bin/../lib/gcc/arm-none-eabi/12.3.1/../../../../arm-none-eabi/lib/thumb/v7e-m+fp/hard\libc_nano.a(libc_a-closer.o)
                              C:/ST/STM32CubeIDE_1.16.0/STM32CubeIDE/plugins/com.st.stm32cube.ide.mcu.externaltools.gnu-tools-for-stm32.12.3.rel1.win32_1.0.200.202406191623/tools/bin/../lib/gcc/arm-none-eabi/12.3.1/../../../../arm-none-eabi/lib/thumb/v7e-m+fp/hard\libc_nano.a(libc_a-stdio.o) (_close_r)
C:/ST/STM32CubeIDE_1.16.0/STM32CubeIDE/plugins/com.st.stm32cube.ide.mcu.externaltools.gnu-tools-for-stm32.12.3.rel1.win32_1.0.200.202406191623/tools/bin/../lib/gcc/arm-none-eabi/12.3.1/../../../../arm-none-eabi/lib/thumb/v7e-m+fp/hard\libc_nano.a(libc_a-reent.o)
                              C:/ST/STM32CubeIDE_1.16.0/STM32CubeIDE/plugins/com.st.stm32cube.ide.mcu.externaltools.gnu-tools-for-stm32.12.3.rel1.win32_1.0.200.202406191623/tools/bin/../lib/gcc/arm-none-eabi/12.3.1/../../../../arm-none-eabi/lib/thumb/v7e-m+fp/hard\libc_nano.a(libc_a-closer.o) (errno)
C:/ST/STM32CubeIDE_1.16.0/STM32CubeIDE/plugins/com.st.stm32cube.ide.mcu.externaltools.gnu-tools-for-stm32.12.3.rel1.win32_1.0.200.202406191623/tools/bin/../lib/gcc/arm-none-eabi/12.3.1/../../../../arm-none-eabi/lib/thumb/v7e-m+fp/hard\libc_nano.a(libc_a-impure.o)
                              C:/ST/STM32CubeIDE_1.16.0/STM32CubeIDE/plugins/com.st.stm32cube.ide.mcu.externaltools.gnu-tools-for-stm32.12.3.rel1.win32_1.0.200.202406191623/tools/bin/../lib/gcc/arm-none-eabi/12.3.1/../../../../arm-none-eabi/lib/thumb/v7e-m+fp/hard\libc_nano.a(libc_a-snprintf.o) (_impure_ptr)
[...]
Memory Configuration

Name             Origin             Length             Attributes
RAM              0x20000000         0x00010000         xrw
FLASH            0x08000000         0x00040000         xr
*default*        0x00000000         0xffffffff

Linker script and memory map

LOAD C:/ST/STM32CubeIDE_1.16.0/STM32CubeIDE/plugins/com.st.stm32cube.ide.mcu.externaltools.gnu-tools-for-stm32.12.3.rel1.win32_1.0.200.202406191623/tools/bin/../lib/gcc/arm-none-eabi/12.3.1/thumb/v7e-m+fp/hard/crti.o
LOAD C:/ST/STM32CubeIDE_1.16.0/STM32CubeIDE/plugins/com.st.stm32cube.ide.mcu.externaltools.gnu-tools-for-stm32.12.3.rel1.win32_1.0.200.202406191623/tools/bin/../lib/gcc/arm-none-eabi/12.3.1/thumb/v7e-m+fp/hard/crtbegin.o
LOAD C:/ST/STM32CubeIDE_1.16.0/STM32CubeIDE/plugins/com.st.stm32cube.ide.mcu.externaltools.gnu-tools-for-stm32.12.3.rel1.win32_1.0.200.202406191623/tools/bin/../lib/gcc/arm-none-eabi/12.3.1/../../../../arm-none-eabi/lib/thumb/v7e-m+fp/hard/crt0.o
LOAD ./Core/Src/gpio.o
LOAD ./Core/Src/main.o
LOAD ./Core/Src/stm32f4xx_hal_msp.o
LOAD ./Core/Src/stm32f4xx_it.o
LOAD ./Core/Src/syscalls.o
LOAD ./Core/Src/sysmem.o
LOAD ./Core/Src/system_stm32f4xx.o
LOAD ./Core/Src/tim.o
LOAD ./Core/Src/usart.o
LOAD ./Core/Startup/startup_stm32f401rctx.o
LOAD ./Drivers/STM32F4xx_HAL_Driver/stm32f4xx_hal.o
LOAD ./Drivers/STM32F4xx_HAL_Driver/stm32f4xx_hal_cortex.o
LOAD ./Drivers/STM32F4xx_HAL_Driver/stm32f4xx_hal_dma.o
LOAD ./Drivers/STM32F4xx_HAL_Driver/stm32f4xx_hal_dma_ex.o
LOAD ./Drivers/STM32F4xx_HAL_Driver/stm32f4xx_hal_exti.o
LOAD ./Drivers/STM32F4xx_HAL_Driver/stm32f4xx_hal_flash.o
LOAD ./Drivers/STM32F4xx_HAL_Driver/stm32f4xx_hal_flash_ex.o
LOAD ./Drivers/STM32F4xx_HAL_Driver/stm32f4xx_hal_flash_ramfunc.o
LOAD ./Drivers/STM32F4xx_HAL_Driver/stm32f4xx_hal_gpio.o
LOAD ./Drivers/STM32F4xx_HAL_Driver/stm32f4xx_hal_pwr.o
LOAD ./Drivers/STM32F4xx_HAL_Driver/stm32f4xx_hal_pwr_ex.o
LOAD ./Drivers/STM32F4xx_HAL_Driver/stm32f4xx_hal_rcc.o
LOAD ./Drivers/STM32F4xx_HAL_Driver/stm32f4xx_hal_rcc_ex.o
LOAD ./Drivers/STM32F4xx_HAL_Driver/stm32f4xx_hal_tim.o
LOAD ./Drivers/STM32F4xx_HAL_Driver/stm32f4xx_hal_tim_ex.o
LOAD ./Drivers/STM32F4xx_HAL_Driver/stm32f4xx_hal_uart.o
LOAD ./HAL/Bluetooth_module/bluetooth.o
LOAD ./HAL/Bluetooth_module/bluetooth_cfg.o
LOAD ./HAL/Keypad/keypad.o
LOAD ./HAL/Keypad/keypad_cfg.o
LOAD ./HAL/LCD/lcd.o
LOAD ./HAL/LCD/lcd_cfg.o
LOAD ./HAL/Led/led.o
LOAD ./HAL/Led/led_cfg.o
LOAD ./HAL/servo_motor/servo.o
LOAD ./HAL/servo_motor/servo_cfg.o
LOAD ./HAL/ultrasonic/ultrasonic.o
LOAD ./HAL/ultrasonic/ultrasonic_cfg.o
START GROUP
LOAD C:/ST/STM32CubeIDE_1.16.0/STM32CubeIDE/plugins/com.st.stm32cube.ide.mcu.externaltools.gnu-tools-for-stm32.12.3.rel1.win32_1.0.200.202406191623/tools/bin/../lib/gcc/arm-none-eabi/12.3.1/../../../../arm-none-eabi/lib/thumb/v7e-m+fp/hard\libc_nano.a
LOAD C:/ST/STM32CubeIDE_1.16.0/STM32CubeIDE/plugins/com.st.stm32cube.ide.mcu.externaltools.gnu-tools-for-stm32.12.3.rel1.win32_1.0.200.202406191623/tools/bin/../lib/gcc/arm-none-eabi/12.3.1/../../../../arm-none-eabi/lib/thumb/v7e-m+fp/hard\libm.a
END GROUP
START GROUP
LOAD C:/ST/STM32CubeIDE_1.16.0/STM32CubeIDE/plugins/com.st.stm32cube.ide.mcu.externaltools.gnu-tools-for-stm32.12.3.rel1.win32_1.0.200.202406191623/tools/bin/../lib/gcc/arm-none-eabi/12.3.1/thumb/v7e-m+fp/hard\libgcc.a
LOAD C:/ST/STM32CubeIDE_1.16.0/STM32CubeIDE/plugins/com.st.stm32cube.ide.mcu.externaltools.gnu-tools-for-stm32.12.3.rel1.win32_1.0.200.202406191623/tools/bin/../lib/gcc/arm-none-eabi/12.3.1/../../../../arm-none-eabi/lib/thumb/v7e-m+fp/hard\libc_nano.a
END GROUP
START GROUP
LOAD C:/ST/STM32CubeIDE_1.16.0/STM32CubeIDE/plugins/com.st.stm32cube.ide.mcu.externaltools.gnu-tools-for-stm32.12.3.rel1.win32_1.0.200.202406191623/tools/bin/../lib/gcc/arm-none-eabi/12.3.1/thumb/v7e-m+fp/hard\libgcc.a
LOAD C:/ST/STM32CubeIDE_1.16.0/STM32CubeIDE/plugins/com.st.stm32cube.ide.mcu.externaltools.gnu-tools-for-stm32.12.3.rel1.win32_1.0.200.202406191623/tools/bin/../lib/gcc/arm-none-eabi/12.3.1/../../../../arm-none-eabi/lib/thumb/v7e-m+fp/hard\libc_nano.a
LOAD C:/ST/STM32CubeIDE_1.16.0/STM32CubeIDE/plugins/com.st.stm32cube.ide.mcu.externaltools.gnu-tools-for-stm32.12.3.rel1.win32_1.0.200.202406191623/tools/bin/../lib/gcc/arm-none-eabi/12.3.1/../../../../arm-none-eabi/lib/thumb/v7e-m+fp/hard\libnosys.a
END GROUP
START GROUP
LOAD C:/ST/STM32CubeIDE_1.16.0/STM32CubeIDE/plugins/com.st.stm32cube.ide.mcu.externaltools.gnu-tools-for-stm32.12.3.rel1.win32_1.0.200.202406191623/tools/bin/../lib/gcc/arm-none-eabi/12.3.1/thumb/v7e-m+fp/hard\libgcc.a
LOAD C:/ST/STM32CubeIDE_1.16.0/STM32CubeIDE/plugins/com.st.stm32cube.ide.mcu.externaltools.gnu-tools-for-stm32.12.3.rel1.win32_1.0.200.202406191623/tools/bin/../lib/gcc/arm-none-eabi/12.3.1/../../../../arm-none-eabi/lib/thumb/v7e-m+fp/hard\libc_nano.a
LOAD C:/ST/STM32CubeIDE_1.16.0/STM32CubeIDE/plugins/com.st.stm32cube.ide.mcu.externaltools.gnu-tools-for-stm32.12.3.rel1.win32_1.0.200.202406191623/tools/bin/../lib/gcc/arm-none-eabi/12.3.1/../../../../arm-none-eabi/lib/thumb/v7e-m+fp/hard\libnosys.a
END GROUP
LOAD C:/ST/STM32CubeIDE_1.16.0/STM32CubeIDE/plugins/com.st.stm32cube.ide.mcu.externaltools.gnu-tools-for-stm32.12.3.rel1.win32_1.0.200.202406191623/tools/bin/../lib/gcc/arm-none-eabi/12.3.1/thumb/v7e-m+fp/hard/crtend.o
LOAD C:/ST/STM32CubeIDE_1.16.0/STM32CubeIDE/plugins/com.st.stm32cube.ide.mcu.externaltools.gnu-tools-for-stm32.12.3.rel1.win32_1.0.200.202406191623/tools/bin/../lib/gcc/arm-none-eabi/12.3.1/thumb/v7e-m+fp/hard/crtn.o
                0x20010000                        _estack = (ORIGIN (RAM) + LENGTH (RAM))
                0x00000200                        _Min_Heap_Size = 0x200
                0x00000400                        _Min_Stack_Size = 0x400

.isr_vector     0x08000000      0x194
                0x08000000                        . = ALIGN (0x4)
 *(.isr_vector)
 .isr_vector    0x08000000      0x194 ./Core/Startup/startup_stm32f401rctx.o
                0x08000000                g_pfnVectors
                0x08000194                        . = ALIGN (0x4)

.text           0x08000198     0x4180
                0x08000198                        . = ALIGN (0x4)
 *(.text)
 .text          0x08000198       0x40 C:/ST/STM32CubeIDE_1.16.0/STM32CubeIDE/plugins/com.st.stm32cube.ide.mcu.externaltools.gnu-tools-for-stm32.12.3.rel1.win32_1.0.200.202406191623/tools/bin/../lib/gcc/arm-none-eabi/12.3.1/thumb/v7e-m+fp/hard/crtbegin.o
 .text          0x080001d8      0x254 C:/ST/STM32CubeIDE_1.16.0/STM32CubeIDE/plugins/com.st.stm32cube.ide.mcu.externaltools.gnu-tools-for-stm32.12.3.rel1.win32_1.0.200.202406191623/tools/bin/../lib/gcc/arm-none-eabi/12.3.1/thumb/v7e-m+fp/hard\libgcc.a(_arm_muldf3.o)
                0x080001d8                __muldf3
                0x080001d8                __aeabi_dmul
 .text          0x0800042c      0x378 C:/ST/STM32CubeIDE_1.16.0/STM32CubeIDE/plugins/com.st.stm32cube.ide.mcu.externaltools.gnu-tools-for-stm32.12.3.rel1.win32_1.0.200.202406191623/tools/bin/../lib/gcc/arm-none-eabi/12.3.1/thumb/v7e-m+fp/hard\libgcc.a(_arm_addsubdf3.o)
                0x0800042c                __aeabi_drsub
                0x08000434                __aeabi_dsub
                0x08000434                __subdf3
                0x08000438                __aeabi_dadd
                0x08000438                __adddf3
                0x080006b0                __floatunsidf
                0x080006b0                __aeabi_ui2d
                0x080006d0                __floatsidf
                0x080006d0                __aeabi_i2d
                0x080006f4                __aeabi_f2d
                0x080006f4                __extendsfdf2
                0x08000738                __floatundidf
                0x08000738                __aeabi_ul2d
                0x08000748                __floatdidf
                0x08000748                __aeabi_l2d
 .text          0x080007a4       0x40 C:/ST/STM32CubeIDE_1.16.0/STM32CubeIDE/plugins/com.st.stm32cube.ide.mcu.externaltools.gnu-tools-for-stm32.12.3.rel1.win32_1.0.200.202406191623/tools/bin/../lib/gcc/arm-none-eabi/12.3.1/thumb/v7e-m+fp/hard\libgcc.a(_arm_fixunsdfsi.o)
                0x080007a4                __aeabi_d2uiz
                0x080007a4                __fixunsdfsi
 .text          0x080007e4       0x30 C:/ST/STM32CubeIDE_1.16.0/STM32CubeIDE/plugins/com.st.stm32cube.ide.mcu.externaltools.gnu-tools-for-stm32.12.3.rel1.win32_1.0.200.202406191623/tools/bin/../lib/gcc/arm-none-eabi/12.3.1/thumb/v7e-m+fp/hard\libgcc.a(_aeabi_uldivmod.o)
                0x080007e4                __aeabi_uldivmod
 .text          0x08000814      0x2bc C:/ST/STM32CubeIDE_1.16.0/STM32CubeIDE/plugins/com.st.stm32cube.ide.mcu.externaltools.gnu-tools-for-stm32.12.3.rel1.win32_1.0.200.202406191623/tools/bin/../lib/gcc/arm-none-eabi/12.3.1/thumb/v7e-m+fp/hard\libgcc.a(_udivmoddi4.o)
                0x08000814                __udivmoddi4
 .text          0x08000ad0        0x4 C:/ST/STM32CubeIDE_1.16.0/STM32CubeIDE/plugins/com.st.stm32cube.ide.mcu.externaltools.gnu-tools-for-stm32.12.3.rel1.win32_1.0.200.202406191623/tools/bin/../lib/gcc/arm-none-eabi/12.3.1/thumb/v7e-m+fp/hard\libgcc.a(_dvmd_tls.o)
                0x08000ad0                __aeabi_idiv0
                0x08000ad0                __aeabi_ldiv0
 *(.text*)
 .text.MX_GPIO_Init
                0x08000ad4       0xf8 ./Core/Src/gpio.o
                0x08000ad4                MX_GPIO_Init
 .text.HAL_UART_RxCpltCallback
                0x08000bcc       0x24 ./Core/Src/main.o
                0x08000bcc                HAL_UART_RxCpltCallback
 .text.HAL_TIM_IC_CaptureCallback
                0x08000bf0      0x130 ./Core/Src/main.o
                0x08000bf0                HAL_TIM_IC_CaptureCallback
 .text.main     0x08000d20      0x244 ./Core/Src/main.o
                0x08000d20                main
 .text.SystemClock_Config
                0x08000f64       0xd4 ./Core/Src/main.o
                0x08000f64                SystemClock_Config
 .text.Error_Handler
                0x08001038        0xc ./Core/Src/main.o
                0x08001038                Error_Handler
 .text.HAL_MspInit
                0x08001044       0x50 ./Core/Src/stm32f4xx_hal_msp.o
                0x08001044                HAL_MspInit
 .text.NMI_Handler
                0x08001094        0x8 ./Core/Src/stm32f4xx_it.o
                0x08001094                NMI_Handler
 .text.HardFault_Handler
                0x0800109c        0x8 ./Core/Src/stm32f4xx_it.o
                0x0800109c                HardFault_Handler
 .text.MemManage_Handler
                0x080010a4        0x8 ./Core/Src/stm32f4xx_it.o
                0x080010a4                MemManage_Handler
 .text.BusFault_Handler
                0x080010ac        0x8 ./Core/Src/stm32f4xx_it.o
                0x080010ac                BusFault_Handler
 .text.UsageFault_Handler
                0x080010b4        0x8 ./Core/Src/stm32f4xx_it.o
                0x080010b4                UsageFault_Handler
 .text.SVC_Handler
                0x080010bc        0xe ./Core/Src/stm32f4xx_it.o
                0x080010bc                SVC_Handler
 .text.DebugMon_Handler
                0x080010ca        0xe ./Core/Src/stm32f4xx_it.o
                0x080010ca                DebugMon_Handler
 .text.PendSV_Handler
                0x080010d8        0xe ./Core/Src/stm32f4xx_it.o
                0x080010d8                PendSV_Handler
 .text.SysTick_Handler
                0x080010e6        0xc ./Core/Src/stm32f4xx_it.o
                0x080010e6                SysTick_Handler
 *fill*         0x080010f2        0x2 
 .text.TIM1_TRG_COM_TIM11_IRQHandler
                0x080010f4       0x14 ./Core/Src/stm32f4xx_it.o
                0x080010f4                TIM1_TRG_COM_TIM11_IRQHandler
 .text.TIM1_CC_IRQHandler
                0x08001108       0x14 ./Core/Src/stm32f4xx_it.o
                0x08001108                TIM1_CC_IRQHandler
 .text.USART2_IRQHandler
                0x0800111c       0x14 ./Core/Src/stm32f4xx_it.o
                0x0800111c                USART2_IRQHandler
 .text.SystemInit
                0x08001130       0x24 ./Core/Src/system_stm32f4xx.o
                0x08001130                SystemInit
 .text.MX_TIM1_Init
                0x08001154       0xe8 ./Core/Src/tim.o
                0x08001154                MX_TIM1_Init
 .text.HAL_TIM_Base_MspInit
                0x0800123c       0xb0 ./Core/Src/tim.o
                0x0800123c                HAL_TIM_Base_MspInit
 .text.MX_USART2_UART_Init
                0x080012ec       0x54 ./Core/Src/usart.o
                0x080012ec                MX_USART2_UART_Init
 .text.HAL_UART_MspInit
                0x08001340       0xa0 ./Core/Src/usart.o
                0x08001340                HAL_UART_MspInit
 .text.Reset_Handler
                0x080013e0       0x50 ./Core/Startup/startup_stm32f401rctx.o
                0x080013e0                Reset_Handler
 .text.Default_Handler
                0x08001430        0x2 ./Core/Startup/startup_stm32f401rctx.o
                0x08001430                RTC_Alarm_IRQHandler
                0x08001430                EXTI2_IRQHandler
                0x08001430                SPI4_IRQHandler
                0x08001430                DMA2_Stream5_IRQHandler
                0x08001430                DMA1_Stream5_IRQHandler
                0x08001430                PVD_IRQHandler
                0x08001430                SDIO_IRQHandler
                0x08001430                TAMP_STAMP_IRQHandler
                0x08001430                EXTI3_IRQHandler
                0x08001430                TIM1_UP_TIM10_IRQHandler
                0x08001430                I2C3_ER_IRQHandler
                0x08001430                EXTI0_IRQHandler
                0x08001430                I2C2_EV_IRQHandler
                0x08001430                DMA1_Stream2_IRQHandler
                0x08001430                FPU_IRQHandler
                0x08001430                DMA2_Stream2_IRQHandler
                0x08001430                SPI1_IRQHandler
                0x08001430                TIM1_BRK_TIM9_IRQHandler
                0x08001430                DMA2_Stream3_IRQHandler
                0x08001430                USART6_IRQHandler
                0x08001430                DMA2_Stream0_IRQHandler
                0x08001430                TIM4_IRQHandler
                0x08001430                I2C1_EV_IRQHandler
                0x08001430                DMA1_Stream6_IRQHandler
                0x08001430                DMA1_Stream1_IRQHandler
                0x08001430                TIM3_IRQHandler
                0x08001430                RCC_IRQHandler
                0x08001430                Default_Handler
                0x08001430                EXTI15_10_IRQHandler
                0x08001430                ADC_IRQHandler
                0x08001430                DMA1_Stream7_IRQHandler
                0x08001430                TIM5_IRQHandler
                0x08001430                DMA2_Stream7_IRQHandler
                0x08001430                I2C3_EV_IRQHandler
                0x08001430                EXTI9_5_IRQHandler
                0x08001430                RTC_WKUP_IRQHandler
                0x08001430                SPI2_IRQHandler
                0x08001430                DMA1_Stream0_IRQHandler
                0x08001430                EXTI4_IRQHandler
                0x08001430                WWDG_IRQHandler
                0x08001430                TIM2_IRQHandler
                0x08001430                OTG_FS_WKUP_IRQHandler
                0x08001430                EXTI1_IRQHandler
                0x08001430                I2C2_ER_IRQHandler
                0x08001430                DMA2_Stream1_IRQHandler
                0x08001430                FLASH_IRQHandler
                0x08001430                DMA2_Stream4_IRQHandler
                0x08001430                USART1_IRQHandler
                0x08001430                OTG_FS_IRQHandler
                0x08001430                SPI3_IRQHandler
                0x08001430                DMA1_Stream4_IRQHandler
                0x08001430                I2C1_ER_IRQHandler
                0x08001430                DMA2_Stream6_IRQHandler
                0x08001430                DMA1_Stream3_IRQHandler
 *fill*         0x08001432        0x2 
 .text.HAL_Init
                0x08001434       0x44 ./Drivers/STM32F4xx_HAL_Driver/stm32f4xx_hal.o
                0x08001434                HAL_Init
 .text.HAL_InitTick
                0x08001478       0x60 ./Drivers/STM32F4xx_HAL_Driver/stm32f4xx_hal.o
                0x08001478                HAL_InitTick
 .text.HAL_IncTick
                0x080014d8       0x28 ./Drivers/STM32F4xx_HAL_Driver/stm32f4xx_hal.o
                0x080014d8                HAL_IncTick
 .text.HAL_GetTick
                0x08001500       0x18 ./Drivers/STM32F4xx_HAL_Driver/stm32f4xx_hal.o
                0x08001500                HAL_GetTick
 .text.HAL_Delay
                0x08001518       0x48 ./Drivers/STM32F4xx_HAL_Driver/stm32f4xx_hal.o
                0x08001518                HAL_Delay
 .text.__NVIC_SetPriorityGrouping
                0x08001560       0x48 ./Drivers/STM32F4xx_HAL_Driver/stm32f4xx_hal_cortex.o
 .text.__NVIC_GetPriorityGrouping
                0x080015a8       0x1c ./Drivers/STM32F4xx_HAL_Driver/stm32f4xx_hal_cortex.o
 .text.__NVIC_EnableIRQ
                0x080015c4       0x3c ./Drivers/STM32F4xx_HAL_Driver/stm32f4xx_hal_cortex.o
 .text.__NVIC_SetPriority
                0x08001600       0x54 ./Drivers/STM32F4xx_HAL_Driver/stm32f4xx_hal_cortex.o
 .text.NVIC_EncodePriority
                0x08001654       0x66 ./Drivers/STM32F4xx_HAL_Driver/stm32f4xx_hal_cortex.o
 *fill*         0x080016ba        0x2 
 .text.SysTick_Config
                0x080016bc       0x44 ./Drivers/STM32F4xx_HAL_Driver/stm32f4xx_hal_cortex.o
 .text.HAL_NVIC_SetPriorityGrouping
                0x08001700       0x16 ./Drivers/STM32F4xx_HAL_Driver/stm32f4xx_hal_cortex.o
                0x08001700                HAL_NVIC_SetPriorityGrouping
 .text.HAL_NVIC_SetPriority
                0x08001716       0x38 ./Drivers/STM32F4xx_HAL_Driver/stm32f4xx_hal_cortex.o
                0x08001716                HAL_NVIC_SetPriority
 .text.HAL_NVIC_EnableIRQ
                0x0800174e       0x1c ./Drivers/STM32F4xx_HAL_Driver/stm32f4xx_hal_cortex.o
                0x0800174e                HAL_NVIC_EnableIRQ
 .text.HAL_SYSTICK_Config
                0x0800176a       0x18 ./Drivers/STM32F4xx_HAL_Driver/stm32f4xx_hal_cortex.o
                0x0800176a                HAL_SYSTICK_Config
 .text.HAL_DMA_Abort
                0x08001782       0xe0 ./Drivers/STM32F4xx_HAL_Driver/stm32f4xx_hal_dma.o
                0x08001782                HAL_DMA_Abort
 .text.HAL_DMA_Abort_IT
                0x08001862       0x44 ./Drivers/STM32F4xx_HAL_Driver/stm32f4xx_hal_dma.o
                0x08001862                HAL_DMA_Abort_IT
 *fill*         0x080018a6        0x2 
 .text.HAL_GPIO_Init
                0x080018a8      0x308 ./Drivers/STM32F4xx_HAL_Driver/stm32f4xx_hal_gpio.o
                0x080018a8                HAL_GPIO_Init
 .text.HAL_GPIO_WritePin
                0x08001bb0       0x32 ./Drivers/STM32F4xx_HAL_Driver/stm32f4xx_hal_gpio.o
                0x08001bb0                HAL_GPIO_WritePin
 *fill*         0x08001be2        0x2 
 .text.HAL_RCC_OscConfig
                0x08001be4      0x4f0 ./Drivers/STM32F4xx_HAL_Driver/stm32f4xx_hal_rcc.o
                0x08001be4                HAL_RCC_OscConfig
 .text.HAL_RCC_ClockConfig
                0x080020d4      0x1cc ./Drivers/STM32F4xx_HAL_Driver/stm32f4xx_hal_rcc.o
                0x080020d4                HAL_RCC_ClockConfig
 .text.HAL_RCC_GetSysClockFreq
                0x080022a0      0x18c ./Drivers/STM32F4xx_HAL_Driver/stm32f4xx_hal_rcc.o
                0x080022a0                HAL_RCC_GetSysClockFreq
 .text.HAL_RCC_GetHCLKFreq
                0x0800242c       0x18 ./Drivers/STM32F4xx_HAL_Driver/stm32f4xx_hal_rcc.o
                0x0800242c                HAL_RCC_GetHCLKFreq
 .text.HAL_RCC_GetPCLK1Freq
                0x08002444       0x28 ./Drivers/STM32F4xx_HAL_Driver/stm32f4xx_hal_rcc.o
                0x08002444                HAL_RCC_GetPCLK1Freq
 .text.HAL_RCC_GetPCLK2Freq
                0x0800246c       0x28 ./Drivers/STM32F4xx_HAL_Driver/stm32f4xx_hal_rcc.o
                0x0800246c                HAL_RCC_GetPCLK2Freq
 .text.HAL_TIM_Base_Init
                0x08002494       0x9e ./Drivers/STM32F4xx_HAL_Driver/stm32f4xx_hal_tim.o
                0x08002494                HAL_TIM_Base_Init
 .text.HAL_TIM_IC_Init
                0x08002532       0x9e ./Drivers/STM32F4xx_HAL_Driver/stm32f4xx_hal_tim.o
                0x08002532                HAL_TIM_IC_Init
 .text.HAL_TIM_IC_MspInit
                0x080025d0       0x14 ./Drivers/STM32F4xx_HAL_Driver/stm32f4xx_hal_tim.o
                0x080025d0                HAL_TIM_IC_MspInit
 .text.HAL_TIM_IC_Start_IT
                0x080025e4      0x234 ./Drivers/STM32F4xx_HAL_Driver/stm32f4xx_hal_tim.o
                0x080025e4                HAL_TIM_IC_Start_IT
 .text.HAL_TIM_IRQHandler
                0x08002818      0x1e0 ./Drivers/STM32F4xx_HAL_Driver/stm32f4xx_hal_tim.o
                0x08002818                HAL_TIM_IRQHandler
 .text.HAL_TIM_IC_ConfigChannel
                0x080029f8      0x138 ./Drivers/STM32F4xx_HAL_Driver/stm32f4xx_hal_tim.o
                0x080029f8                HAL_TIM_IC_ConfigChannel
 .text.HAL_TIM_ConfigClockSource
                0x08002b30      0x18e ./Drivers/STM32F4xx_HAL_Driver/stm32f4xx_hal_tim.o
                0x08002b30                HAL_TIM_ConfigClockSource
 *fill*         0x08002cbe        0x2 
 .text.HAL_TIM_ReadCapturedValue
                0x08002cc0       0x88 ./Drivers/STM32F4xx_HAL_Driver/stm32f4xx_hal_tim.o
                0x08002cc0                HAL_TIM_ReadCapturedValue
 .text.HAL_TIM_PeriodElapsedCallback
                0x08002d48       0x14 ./Drivers/STM32F4xx_HAL_Driver/stm32f4xx_hal_tim.o
                0x08002d48                HAL_TIM_PeriodElapsedCallback
 .text.HAL_TIM_OC_DelayElapsedCallback
                0x08002d5c       0x14 ./Drivers/STM32F4xx_HAL_Driver/stm32f4xx_hal_tim.o
                0x08002d5c                HAL_TIM_OC_DelayElapsedCallback
 .text.HAL_TIM_PWM_PulseFinishedCallback
                0x08002d70       0x14 ./Drivers/STM32F4xx_HAL_Driver/stm32f4xx_hal_tim.o
                0x08002d70                HAL_TIM_PWM_PulseFinishedCallback
 .text.HAL_TIM_TriggerCallback
                0x08002d84       0x14 ./Drivers/STM32F4xx_HAL_Driver/stm32f4xx_hal_tim.o
                0x08002d84                HAL_TIM_TriggerCallback
 .text.TIM_Base_SetConfig
                0x08002d98      0x118 ./Drivers/STM32F4xx_HAL_Driver/stm32f4xx_hal_tim.o
                0x08002d98                TIM_Base_SetConfig
 .text.TIM_TI1_SetConfig
                0x08002eb0       0xd0 ./Drivers/STM32F4xx_HAL_Driver/stm32f4xx_hal_tim.o
                0x08002eb0                TIM_TI1_SetConfig
 .text.TIM_TI1_ConfigInputStage
                0x08002f80       0x5e ./Drivers/STM32F4xx_HAL_Driver/stm32f4xx_hal_tim.o
 .text.TIM_TI2_SetConfig
                0x08002fde       0x7a ./Drivers/STM32F4xx_HAL_Driver/stm32f4xx_hal_tim.o
 .text.TIM_TI2_ConfigInputStage
                0x08003058       0x60 ./Drivers/STM32F4xx_HAL_Driver/stm32f4xx_hal_tim.o
 .text.TIM_TI3_SetConfig
                0x080030b8       0x78 ./Drivers/STM32F4xx_HAL_Driver/stm32f4xx_hal_tim.o
 .text.TIM_TI4_SetConfig
                0x08003130       0x7a ./Drivers/STM32F4xx_HAL_Driver/stm32f4xx_hal_tim.o
 .text.TIM_ITRx_SetConfig
                0x080031aa       0x36 ./Drivers/STM32F4xx_HAL_Driver/stm32f4xx_hal_tim.o
 .text.TIM_ETR_SetConfig
                0x080031e0       0x40 ./Drivers/STM32F4xx_HAL_Driver/stm32f4xx_hal_tim.o
                0x080031e0                TIM_ETR_SetConfig
 .text.TIM_CCxChannelCmd
                0x08003220       0x4a ./Drivers/STM32F4xx_HAL_Driver/stm32f4xx_hal_tim.o
                0x08003220                TIM_CCxChannelCmd
 *fill*         0x0800326a        0x2 
 .text.HAL_TIMEx_MasterConfigSynchronization
                0x0800326c       0xdc ./Drivers/STM32F4xx_HAL_Driver/stm32f4xx_hal_tim_ex.o
                0x0800326c                HAL_TIMEx_MasterConfigSynchronization
 .text.HAL_TIMEx_CommutCallback
                0x08003348       0x14 ./Drivers/STM32F4xx_HAL_Driver/stm32f4xx_hal_tim_ex.o
                0x08003348                HAL_TIMEx_CommutCallback
 .text.HAL_TIMEx_BreakCallback
                0x0800335c       0x14 ./Drivers/STM32F4xx_HAL_Driver/stm32f4xx_hal_tim_ex.o
                0x0800335c                HAL_TIMEx_BreakCallback
 .text.HAL_UART_Init
                0x08003370       0xa0 ./Drivers/STM32F4xx_HAL_Driver/stm32f4xx_hal_uart.o
                0x08003370                HAL_UART_Init
 .text.HAL_UART_Receive_IT
                0x08003410       0x4a ./Drivers/STM32F4xx_HAL_Driver/stm32f4xx_hal_uart.o
                0x08003410                HAL_UART_Receive_IT
 *fill*         0x0800345a        0x2 
 .text.HAL_UART_IRQHandler
                0x0800345c      0x524 ./Drivers/STM32F4xx_HAL_Driver/stm32f4xx_hal_uart.o
                0x0800345c                HAL_UART_IRQHandler
 .text.HAL_UART_TxCpltCallback
                0x08003980       0x14 ./Drivers/STM32F4xx_HAL_Driver/stm32f4xx_hal_uart.o
                0x08003980                HAL_UART_TxCpltCallback
 .text.HAL_UART_ErrorCallback
                0x08003994       0x14 ./Drivers/STM32F4xx_HAL_Driver/stm32f4xx_hal_uart.o
                0x08003994                HAL_UART_ErrorCallback
 .text.HAL_UARTEx_RxEventCallback
                0x080039a8       0x18 ./Drivers/STM32F4xx_HAL_Driver/stm32f4xx_hal_uart.o
                0x080039a8                HAL_UARTEx_RxEventCallback
 .text.UART_Start_Receive_IT
                0x080039c0       0x74 ./Drivers/STM32F4xx_HAL_Driver/stm32f4xx_hal_uart.o
                0x080039c0                UART_Start_Receive_IT
 .text.UART_EndRxTransfer
                0x08003a34       0xc6 ./Drivers/STM32F4xx_HAL_Driver/stm32f4xx_hal_uart.o
 .text.UART_DMAAbortOnError
                0x08003afa       0x28 ./Drivers/STM32F4xx_HAL_Driver/stm32f4xx_hal_uart.o
 .text.UART_Transmit_IT
                0x08003b22       0xa0 ./Drivers/STM32F4xx_HAL_Driver/stm32f4xx_hal_uart.o
 .text.UART_EndTransmit_IT
                0x08003bc2       0x30 ./Drivers/STM32F4xx_HAL_Driver/stm32f4xx_hal_uart.o
 .text.UART_Receive_IT
                0x08003bf2      0x17c ./Drivers/STM32F4xx_HAL_Driver/stm32f4xx_hal_uart.o
 *fill*         0x08003d6e        0x2 
 .text.UART_SetConfig
                0x08003d70      0x4e8 ./Drivers/STM32F4xx_HAL_Driver/stm32f4xx_hal_uart.o
 .text.HCSR04_Read
                0x08004258       0x4e ./HAL/ultrasonic/ultrasonic.o
                0x08004258                HCSR04_Read
 .text.memset   0x080042a6       0x10 C:/ST/STM32CubeIDE_1.16.0/STM32CubeIDE/plugins/com.st.stm32cube.ide.mcu.externaltools.gnu-tools-for-stm32.12.3.rel1.win32_1.0.200.202406191623/tools/bin/../lib/gcc/arm-none-eabi/12.3.1/../../../../arm-none-eabi/lib/thumb/v7e-m+fp/hard\libc_nano.a(libc_a-memset.o)
                0x080042a6                memset
 *fill*         0x080042b6        0x2 
 .text.__libc_init_array
                0x080042b8       0x48 C:/ST/STM32CubeIDE_1.16.0/STM32CubeIDE/plugins/com.st.stm32cube.ide.mcu.externaltools.gnu-tools-for-stm32.12.3.rel1.win32_1.0.200.202406191623/tools/bin/../lib/gcc/arm-none-eabi/12.3.1/../../../../arm-none-eabi/lib/thumb/v7e-m+fp/hard\libc_nano.a(libc_a-init.o)
                0x080042b8                __libc_init_array
 *(.glue_7)
 .glue_7        0x08004300        0x0 linker stubs
 *(.glue_7t)
 .glue_7t       0x08004300        0x0 linker stubs
 *(.eh_frame)
 .eh_frame      0x08004300        0x0 C:/ST/STM32CubeIDE_1.16.0/STM32CubeIDE/plugins/com.st.stm32cube.ide.mcu.externaltools.gnu-tools-for-stm32.12.3.rel1.win32_1.0.200.202406191623/tools/bin/../lib/gcc/arm-none-eabi/12.3.1/thumb/v7e-m+fp/hard/crtbegin.o
 *(.init)
 .init          0x08004300        0x4 C:/ST/STM32CubeIDE_1.16.0/STM32CubeIDE/plugins/com.st.stm32cube.ide.mcu.externaltools.gnu-tools-for-stm32.12.3.rel1.win32_1.0.200.202406191623/tools/bin/../lib/gcc/arm-none-eabi/12.3.1/thumb/v7e-m+fp/hard/crti.o
                0x08004300                _init
 .init          0x08004304        0x8 C:/ST/STM32CubeIDE_1.16.0/STM32CubeIDE/plugins/com.st.stm32cube.ide.mcu.externaltools.gnu-tools-for-stm32.12.3.rel1.win32_1.0.200.202406191623/tools/bin/../lib/gcc/arm-none-eabi/12.3.1/thumb/v7e-m+fp/hard/crtn.o
 *(.fini)
 .fini          0x0800430c        0x4 C:/ST/STM32CubeIDE_1.16.0/STM32CubeIDE/plugins/com.st.stm32cube.ide.mcu.externaltools.gnu-tools-for-stm32.12.3.rel1.win32_1.0.200.202406191623/tools/bin/../lib/gcc/arm-none-eabi/12.3.1/thumb/v7e-m+fp/hard/crti.o
                0x0800430c                _fini
 .fini          0x08004310        0x8 C:/ST/STM32CubeIDE_1.16.0/STM32CubeIDE/plugins/com.st.stm32cube.ide.mcu.externaltools.gnu-tools-for-stm32.12.3.rel1.win32_1.0.200.202406191623/tools/bin/../lib/gcc/arm-none-eabi/12.3.1/thumb/v7e-m+fp/hard/crtn.o
                0x08004318                        . = ALIGN (0x4)
                0x08004318                        _etext = .

.vfp11_veneer   0x08004318        0x0
 .vfp11_veneer  0x08004318        0x0 linker stubs

.v4_bx          0x08004318        0x0
 .v4_bx         0x08004318        0x0 linker stubs

.iplt           0x08004318        0x0
 .iplt          0x08004318        0x0 C:/ST/STM32CubeIDE_1.16.0/STM32CubeIDE/plugins/com.st.stm32cube.ide.mcu.externaltools.gnu-tools-for-stm32.12.3.rel1.win32_1.0.200.202406191623/tools/bin/../lib/gcc/arm-none-eabi/12.3.1/thumb/v7e-m+fp/hard/crtbegin.o

.rodata         0x08004318       0x18
                0x08004318                        . = ALIGN (0x4)
 *(.rodata)
 *(.rodata*)
 .rodata.AHBPrescTable
                0x08004318       0x10 ./Core/Src/system_stm32f4xx.o
                0x08004318                AHBPrescTable
 .rodata.APBPrescTable
                0x08004328        0x8 ./Core/Src/system_stm32f4xx.o
                0x08004328                APBPrescTable
                0x08004330                        . = ALIGN (0x4)

.ARM.extab      0x08004330        0x0
                0x08004330                        . = ALIGN (0x4)
 *(.ARM.extab* .gnu.linkonce.armextab.*)
                0x08004330                        . = ALIGN (0x4)

.ARM            0x08004330        0x8
                0x08004330                        . = ALIGN (0x4)
                0x08004330                        __exidx_start = .
 *(.ARM.exidx*)
 .ARM.exidx     0x08004330        0x8 C:/ST/STM32CubeIDE_1.16.0/STM32CubeIDE/plugins/com.st.stm32cube.ide.mcu.externaltools.gnu-tools-for-stm32.12.3.rel1.win32_1.0.200.202406191623/tools/bin/../lib/gcc/arm-none-eabi/12.3.1/thumb/v7e-m+fp/hard\libgcc.a(_udivmoddi4.o)
                0x08004338                        __exidx_end = .
                0x08004338                        . = ALIGN (0x4)

.preinit_array  0x08004338        0x0
                0x08004338                        . = ALIGN (0x4)
                0x08004338                        PROVIDE (__preinit_array_start = .)
 *(.preinit_array*)
                0x08004338                        PROVIDE (__preinit_array_end = .)
                0x08004338                        . = ALIGN (0x4)

.init_array     0x08004338        0x4
                0x08004338                        . = ALIGN (0x4)
                0x08004338                        PROVIDE (__init_array_start = .)
 *(SORT_BY_NAME(.init_array.*))
 *(.init_array*)
 .init_array    0x08004338        0x4 C:/ST/STM32CubeIDE_1.16.0/STM32CubeIDE/plugins/com.st.stm32cube.ide.mcu.externaltools.gnu-tools-for-stm32.12.3.rel1.win32_1.0.200.202406191623/tools/bin/../lib/gcc/arm-none-eabi/12.3.1/thumb/v7e-m+fp/hard/crtbegin.o
                0x0800433c                        PROVIDE (__init_array_end = .)
                0x0800433c                        . = ALIGN (0x4)

.fini_array     0x0800433c        0x4
                0x0800433c                        . = ALIGN (0x4)
                [!provide]                        PROVIDE (__fini_array_start = .)
 *(SORT_BY_NAME(.fini_array.*))
 *(.fini_array*)
 .fini_array    0x0800433c        0x4 C:/ST/STM32CubeIDE_1.16.0/STM32CubeIDE/plugins/com.st.stm32cube.ide.mcu.externaltools.gnu-tools-for-stm32.12.3.rel1.win32_1.0.200.202406191623/tools/bin/../lib/gcc/arm-none-eabi/12.3.1/thumb/v7e-m+fp/hard/crtbegin.o
                [!provide]                        PROVIDE (__fini_array_end = .)
                0x08004340                        . = ALIGN (0x4)
                0x08004340                        _sidata = LOADADDR (.data)

.rel.dyn        0x08004340        0x0
 .rel.iplt      0x08004340        0x0 C:/ST/STM32CubeIDE_1.16.0/STM32CubeIDE/plugins/com.st.stm32cube.ide.mcu.externaltools.gnu-tools-for-stm32.12.3.rel1.win32_1.0.200.202406191623/tools/bin/../lib/gcc/arm-none-eabi/12.3.1/thumb/v7e-m+fp/hard/crtbegin.o

.data           0x20000000       0x1c load address 0x08004340
                0x20000000                        . = ALIGN (0x4)
                0x20000000                        _sdata = .
 *(.data)
 *(.data*)
 .data.SystemCoreClock
                0x20000000        0x4 ./Core/Src/system_stm32f4xx.o
                0x20000000                SystemCoreClock
 .data.uwTickPrio
                0x20000004        0x4 ./Drivers/STM32F4xx_HAL_Driver/stm32f4xx_hal.o
                0x20000004                uwTickPrio
 .data.uwTickFreq
                0x20000008        0x1 ./Drivers/STM32F4xx_HAL_Driver/stm32f4xx_hal.o
                0x20000008                uwTickFreq
 *fill*         0x20000009        0x3 
 .data.ultra_1  0x2000000c       0x10 ./HAL/ultrasonic/ultrasonic_cfg.o
                0x2000000c                ultra_1
 *(.RamFunc)
 *(.RamFunc*)
                0x2000001c                        . = ALIGN (0x4)
                0x2000001c                        _edata = .

.igot.plt       0x2000001c        0x0 load address 0x0800435c
 .igot.plt      0x2000001c        0x0 C:/ST/STM32CubeIDE_1.16.0/STM32CubeIDE/plugins/com.st.stm32cube.ide.mcu.externaltools.gnu-tools-for-stm32.12.3.rel1.win32_1.0.200.202406191623/tools/bin/../lib/gcc/arm-none-eabi/12.3.1/thumb/v7e-m+fp/hard/crtbegin.o
                0x2000001c                        . = ALIGN (0x4)

.bss            0x2000001c       0xc4 load address 0x0800435c
                0x2000001c                        _sbss = .
                0x2000001c                        __bss_start__ = _sbss
 *(.bss)
 .bss           0x2000001c       0x1c C:/ST/STM32CubeIDE_1.16.0/STM32CubeIDE/plugins/com.st.stm32cube.ide.mcu.externaltools.gnu-tools-for-stm32.12.3.rel1.win32_1.0.200.202406191623/tools/bin/../lib/gcc/arm-none-eabi/12.3.1/thumb/v7e-m+fp/hard/crtbegin.o
 *(.bss*)
 .bss.data_receive
                0x20000038        0x1 ./Core/Src/main.o
                0x20000038                data_receive
 *fill*         0x20000039        0x3 
 .bss.IC_Val1   0x2000003c        0x4 ./Core/Src/main.o
                0x2000003c                IC_Val1
 .bss.IC_Val2   0x20000040        0x4 ./Core/Src/main.o
                0x20000040                IC_Val2
 .bss.Difference
                0x20000044        0x4 ./Core/Src/main.o
                0x20000044                Difference
 .bss.Is_First_Captured
                0x20000048        0x1 ./Core/Src/main.o
                0x20000048                Is_First_Captured
 .bss.Distance  0x20000049        0x1 ./Core/Src/main.o
                0x20000049                Distance
 *fill*         0x2000004a        0x2 
 .bss.htim1     0x2000004c       0x48 ./Core/Src/tim.o
                0x2000004c                htim1
 .bss.huart2    0x20000094       0x48 ./Core/Src/usart.o
                0x20000094                huart2
 .bss.uwTick    0x200000dc        0x4 ./Drivers/STM32F4xx_HAL_Driver/stm32f4xx_hal.o
                0x200000dc                uwTick
 *(COMMON)
                0x200000e0                        . = ALIGN (0x4)
                0x200000e0                        _ebss = .
                0x200000e0                        __bss_end__ = _ebss

._user_heap_stack
                0x200000e0      0x600 load address 0x0800435c
                0x200000e0                        . = ALIGN (0x8)
                [!provide]                        PROVIDE (end = .)
                0x200000e0                        PROVIDE (_end = .)
                0x200002e0                        . = (. + _Min_Heap_Size)
 *fill*         0x200000e0      0x200 
                0x200006e0                        . = (. + _Min_Stack_Size)
 *fill*         0x200002e0      0x400 
                0x200006e0                        . = ALIGN (0x8)

/DISCARD/
 libc.a(*)
 libm.a(*)
 libgcc.a(*)

.ARM.attributes
                0x00000000       0x30
 *(.ARM.attributes)
 .ARM.attributes
                0x00000000       0x22 C:/ST/STM32CubeIDE_1.16.0/STM32CubeIDE/plugins/com.st.stm32cube.ide.mcu.externaltools.gnu-tools-for-stm32.12.3.rel1.win32_1.0.200.202406191623/tools/bin/../lib/gcc/arm-none-eabi/12.3.1/thumb/v7e-m+fp/hard/crti.o
 .ARM.attributes
                0x00000022       0x34 C:/ST/STM32CubeIDE_1.16.0/STM32CubeIDE/plugins/com.st.stm32cube.ide.mcu.externaltools.gnu-tools-for-stm32.12.3.rel1.win32_1.0.200.202406191623/tools/bin/../lib/gcc/arm-none-eabi/12.3.1/thumb/v7e-m+fp/hard/crtbegin.o
 .ARM.attributes
                0x00000056       0x34 ./Core/Src/gpio.o
 .ARM.attributes
                0x0000008a       0x34 ./Core/Src/main.o
 .ARM.attributes
                0x000000be       0x34 ./Core/Src/stm32f4xx_hal_msp.o
 .ARM.attributes
                0x000000f2       0x34 ./Core/Src/stm32f4xx_it.o
 .ARM.attributes
                0x00000126       0x34 ./Core/Src/system_stm32f4xx.o
 .ARM.attributes
                0x0000015a       0x34 ./Core/Src/tim.o
 .ARM.attributes
                0x0000018e       0x34 ./Core/Src/usart.o
 .ARM.attributes
                0x000001c2       0x21 ./Core/Startup/startup_stm32f401rctx.o
 .ARM.attributes
                0x000001e3       0x34 ./Drivers/STM32F4xx_HAL_Driver/stm32f4xx_hal.o
 .ARM.attributes
                0x00000217       0x34 ./Drivers/STM32F4xx_HAL_Driver/stm32f4xx_hal_cortex.o
 .ARM.attributes
                0x0000024b       0x34 ./Drivers/STM32F4xx_HAL_Driver/stm32f4xx_hal_dma.o
 .ARM.attributes
                0x0000027f       0x34 ./Drivers/STM32F4xx_HAL_Driver/stm32f4xx_hal_gpio.o
 .ARM.attributes
                0x000002b3       0x34 ./Drivers/STM32F4xx_HAL_Driver/stm32f4xx_hal_rcc.o
 .ARM.attributes
                0x000002e7       0x34 ./Drivers/STM32F4xx_HAL_Driver/stm32f4xx_hal_tim.o
 .ARM.attributes
                0x0000031b       0x34 ./Drivers/STM32F4xx_HAL_Driver/stm32f4xx_hal_tim_ex.o
 .ARM.attributes
                0x0000034f       0x34 ./Drivers/STM32F4xx_HAL_Driver/stm32f4xx_hal_uart.o
 .ARM.attributes
                0x00000383       0x34 ./HAL/ultrasonic/ultrasonic.o
 .ARM.attributes
                0x000003b7       0x34 ./HAL/ultrasonic/ultrasonic_cfg.o
 .ARM.attributes
                0x000003eb       0x34 C:/ST/STM32CubeIDE_1.16.0/STM32CubeIDE/plugins/com.st.stm32cube.ide.mcu.externaltools.gnu-tools-for-stm32.12.3.rel1.win32_1.0.200.202406191623/tools/bin/../lib/gcc/arm-none-eabi/12.3.1/../../../../arm-none-eabi/lib/thumb/v7e-m+fp/hard\libc_nano.a(libc_a-memset.o)
 .ARM.attributes
                0x0000041f       0x34 C:/ST/STM32CubeIDE_1.16.0/STM32CubeIDE/plugins/com.st.stm32cube.ide.mcu.externaltools.gnu-tools-for-stm32.12.3.rel1.win32_1.0.200.202406191623/tools/bin/../lib/gcc/arm-none-eabi/12.3.1/../../../../arm-none-eabi/lib/thumb/v7e-m+fp/hard\libc_nano.a(libc_a-init.o)
 .ARM.attributes
                0x00000453       0x22 C:/ST/STM32CubeIDE_1.16.0/STM32CubeIDE/plugins/com.st.stm32cube.ide.mcu.externaltools.gnu-tools-for-stm32.12.3.rel1.win32_1.0.200.202406191623/tools/bin/../lib/gcc/arm-none-eabi/12.3.1/thumb/v7e-m+fp/hard\libgcc.a(_arm_muldf3.o)
 .ARM.attributes
                0x00000475       0x22 C:/ST/STM32CubeIDE_1.16.0/STM32CubeIDE/plugins/com.st.stm32cube.ide.mcu.externaltools.gnu-tools-for-stm32.12.3.rel1.win32_1.0.200.202406191623/tools/bin/../lib/gcc/arm-none-eabi/12.3.1/thumb/v7e-m+fp/hard\libgcc.a(_arm_addsubdf3.o)
 .ARM.attributes
                0x00000497       0x22 C:/ST/STM32CubeIDE_1.16.0/STM32CubeIDE/plugins/com.st.stm32cube.ide.mcu.externaltools.gnu-tools-for-stm32.12.3.rel1.win32_1.0.200.202406191623/tools/bin/../lib/gcc/arm-none-eabi/12.3.1/thumb/v7e-m+fp/hard\libgcc.a(_arm_fixunsdfsi.o)
 .ARM.attributes
                0x000004b9       0x22 C:/ST/STM32CubeIDE_1.16.0/STM32CubeIDE/plugins/com.st.stm32cube.ide.mcu.externaltools.gnu-tools-for-stm32.12.3.rel1.win32_1.0.200.202406191623/tools/bin/../lib/gcc/arm-none-eabi/12.3.1/thumb/v7e-m+fp/hard\libgcc.a(_aeabi_uldivmod.o)
 .ARM.attributes
                0x000004db       0x34 C:/ST/STM32CubeIDE_1.16.0/STM32CubeIDE/plugins/com.st.stm32cube.ide.mcu.externaltools.gnu-tools-for-stm32.12.3.rel1.win32_1.0.200.202406191623/tools/bin/../lib/gcc/arm-none-eabi/12.3.1/thumb/v7e-m+fp/hard\libgcc.a(_udivmoddi4.o)
 .ARM.attributes
                0x0000050f       0x22 C:/ST/STM32CubeIDE_1.16.0/STM32CubeIDE/plugins/com.st.stm32cube.ide.mcu.externaltools.gnu-tools-for-stm32.12.3.rel1.win32_1.0.200.202406191623/tools/bin/../lib/gcc/arm-none-eabi/12.3.1/thumb/v7e-m+fp/hard\libgcc.a(_dvmd_tls.o)
 .ARM.attributes
                0x00000531       0x22 C:/ST/STM32CubeIDE_1.16.0/STM32CubeIDE/plugins/com.st.stm32cube.ide.mcu.externaltools.gnu-tools-for-stm32.12.3.rel1.win32_1.0.200.202406191623/tools/bin/../lib/gcc/arm-none-eabi/12.3.1/thumb/v7e-m+fp/hard/crtn.o
OUTPUT(car.elf elf32-littlearm)
LOAD linker stubs
LOAD C:/ST/STM32CubeIDE_1.16.0/STM32CubeIDE/plugins/com.st.stm32cube.ide.mcu.externaltools.gnu-tools-for-stm32.12.3.rel1.win32_1.0.200.202406191623/tools/bin/../lib/gcc/arm-none-eabi/12.3.1/../../../../arm-none-eabi/lib/thumb/v7e-m+fp/hard\libc.a
LOAD C:/ST/STM32CubeIDE_1.16.0/STM32CubeIDE/plugins/com.st.stm32cube.ide.mcu.externaltools.gnu-tools-for-stm32.12.3.rel1.win32_1.0.200.202406191623/tools/bin/../lib/gcc/arm-none-eabi/12.3.1/../../../../arm-none-eabi/lib/thumb/v7e-m+fp/hard\libm.a
LOAD C:/ST/STM32CubeIDE_1.16.0/STM32CubeIDE/plugins/com.st.stm32cube.ide.mcu.externaltools.gnu-tools-for-stm32.12.3.rel1.win32_1.0.200.202406191623/tools/bin/../lib/gcc/arm-none-eabi/12.3.1/thumb/v7e-m+fp/hard\libgcc.a

.debug_info     0x00000000     0xea0a
 .debug_info    0x00000000      0x417 ./Core/Src/gpio.o
 .debug_info    0x00000417      0xfe5 ./Core/Src/main.o
 .debug_info    0x000013fc      0x291 ./Core/Src/stm32f4xx_hal_msp.o
 .debug_info    0x0000168d      0x994 ./Core/Src/stm32f4xx_it.o
 .debug_info    0x00002021      0x53e ./Core/Src/system_stm32f4xx.o
 .debug_info    0x0000255f      0xdb6 ./Core/Src/tim.o
 .debug_info    0x00003315      0xb28 ./Core/Src/usart.o
 .debug_info    0x00003e3d       0x30 ./Core/Startup/startup_stm32f401rctx.o
 .debug_info    0x00003e6d      0x8bb ./Drivers/STM32F4xx_HAL_Driver/stm32f4xx_hal.o
 .debug_info    0x00004728      0xcf6 ./Drivers/STM32F4xx_HAL_Driver/stm32f4xx_hal_cortex.o
 .debug_info    0x0000541e      0x8e6 ./Drivers/STM32F4xx_HAL_Driver/stm32f4xx_hal_dma.o
 .debug_info    0x00005d04      0x6f9 ./Drivers/STM32F4xx_HAL_Driver/stm32f4xx_hal_gpio.o
 .debug_info    0x000063fd      0x8f1 ./Drivers/STM32F4xx_HAL_Driver/stm32f4xx_hal_rcc.o
 .debug_info    0x00006cee     0x2996 ./Drivers/STM32F4xx_HAL_Driver/stm32f4xx_hal_tim.o
 .debug_info    0x00009684     0x14d4 ./Drivers/STM32F4xx_HAL_Driver/stm32f4xx_hal_tim_ex.o
 .debug_info    0x0000ab58     0x2f56 ./Drivers/STM32F4xx_HAL_Driver/stm32f4xx_hal_uart.o
 .debug_info    0x0000daae      0x7ef ./HAL/ultrasonic/ultrasonic.o
 .debug_info    0x0000e29d      0x76d ./HAL/ultrasonic/ultrasonic_cfg.o

.debug_abbrev   0x00000000     0x2305
 .debug_abbrev  0x00000000      0x151 ./Core/Src/gpio.o
 .debug_abbrev  0x00000151      0x26c ./Core/Src/main.o
 .debug_abbrev  0x000003bd       0xd8 ./Core/Src/stm32f4xx_hal_msp.o
 .debug_abbrev  0x00000495      0x1af ./Core/Src/stm32f4xx_it.o
 .debug_abbrev  0x00000644      0x11a ./Core/Src/system_stm32f4xx.o
 .debug_abbrev  0x0000075e      0x22a ./Core/Src/tim.o
 .debug_abbrev  0x00000988      0x217 ./Core/Src/usart.o
 .debug_abbrev  0x00000b9f       0x24 ./Core/Startup/startup_stm32f401rctx.o
 .debug_abbrev  0x00000bc3      0x24b ./Drivers/STM32F4xx_HAL_Driver/stm32f4xx_hal.o
 .debug_abbrev  0x00000e0e      0x31d ./Drivers/STM32F4xx_HAL_Driver/stm32f4xx_hal_cortex.o
 .debug_abbrev  0x0000112b      0x221 ./Drivers/STM32F4xx_HAL_Driver/stm32f4xx_hal_dma.o
 .debug_abbrev  0x0000134c      0x1d3 ./Drivers/STM32F4xx_HAL_Driver/stm32f4xx_hal_gpio.o
 .debug_abbrev  0x0000151f      0x2b6 ./Drivers/STM32F4xx_HAL_Driver/stm32f4xx_hal_rcc.o
 .debug_abbrev  0x000017d5      0x28b ./Drivers/STM32F4xx_HAL_Driver/stm32f4xx_hal_tim.o
 .debug_abbrev  0x00001a60      0x296 ./Drivers/STM32F4xx_HAL_Driver/stm32f4xx_hal_tim_ex.o
 .debug_abbrev  0x00001cf6      0x31b ./Drivers/STM32F4xx_HAL_Driver/stm32f4xx_hal_uart.o
 .debug_abbrev  0x00002011      0x19a ./HAL/ultrasonic/ultrasonic.o
 .debug_abbrev  0x000021ab      0x15a ./HAL/ultrasonic/ultrasonic_cfg.o

.debug_aranges  0x00000000      0xcb8
 .debug_aranges
                0x00000000       0x20 ./Core/Src/gpio.o
 .debug_aranges
                0x00000020       0x40 ./Core/Src/main.o
 .debug_aranges
                0x00000060       0x20 ./Core/Src/stm32f4xx_hal_msp.o
 .debug_aranges
                0x00000080       0x78 ./Core/Src/stm32f4xx_it.o
 .debug_aranges
                0x000000f8       0x28 ./Core/Src/system_stm32f4xx.o
 .debug_aranges
                0x00000120       0x30 ./Core/Src/tim.o
 .debug_aranges
                0x00000150       0x30 ./Core/Src/usart.o
 .debug_aranges
                0x00000180       0x28 ./Core/Startup/startup_stm32f401rctx.o
 .debug_aranges
                0x000001a8       0xf0 ./Drivers/STM32F4xx_HAL_Driver/stm32f4xx_hal.o
 .debug_aranges
                0x00000298      0x130 ./Drivers/STM32F4xx_HAL_Driver/stm32f4xx_hal_cortex.o
 .debug_aranges
                0x000003c8       0x90 ./Drivers/STM32F4xx_HAL_Driver/stm32f4xx_hal_dma.o
 .debug_aranges
                0x00000458       0x58 ./Drivers/STM32F4xx_HAL_Driver/stm32f4xx_hal_gpio.o
 .debug_aranges
                0x000004b0       0x88 ./Drivers/STM32F4xx_HAL_Driver/stm32f4xx_hal_rcc.o
 .debug_aranges
                0x00000538      0x3d0 ./Drivers/STM32F4xx_HAL_Driver/stm32f4xx_hal_tim.o
 .debug_aranges
                0x00000908      0x168 ./Drivers/STM32F4xx_HAL_Driver/stm32f4xx_hal_tim_ex.o
 .debug_aranges
                0x00000a70      0x208 ./Drivers/STM32F4xx_HAL_Driver/stm32f4xx_hal_uart.o
 .debug_aranges
                0x00000c78       0x28 ./HAL/ultrasonic/ultrasonic.o
 .debug_aranges
                0x00000ca0       0x18 ./HAL/ultrasonic/ultrasonic_cfg.o

.debug_rnglists
                0x00000000      0x9d6
 .debug_rnglists
                0x00000000       0x14 ./Core/Src/gpio.o
 .debug_rnglists
                0x00000014       0x2e ./Core/Src/main.o
 .debug_rnglists
                0x00000042       0x13 ./Core/Src/stm32f4xx_hal_msp.o
 .debug_rnglists
                0x00000055       0x55 ./Core/Src/stm32f4xx_it.o
 .debug_rnglists
                0x000000aa       0x1a ./Core/Src/system_stm32f4xx.o
 .debug_rnglists
                0x000000c4       0x21 ./Core/Src/tim.o
 .debug_rnglists
                0x000000e5       0x20 ./Core/Src/usart.o
 .debug_rnglists
                0x00000105       0x19 ./Core/Startup/startup_stm32f401rctx.o
 .debug_rnglists
                0x0000011e       0xaf ./Drivers/STM32F4xx_HAL_Driver/stm32f4xx_hal.o
 .debug_rnglists
                0x000001cd       0xe0 ./Drivers/STM32F4xx_HAL_Driver/stm32f4xx_hal_cortex.o
 .debug_rnglists
                0x000002ad       0x70 ./Drivers/STM32F4xx_HAL_Driver/stm32f4xx_hal_dma.o
 .debug_rnglists
                0x0000031d       0x3f ./Drivers/STM32F4xx_HAL_Driver/stm32f4xx_hal_gpio.o
 .debug_rnglists
                0x0000035c       0x66 ./Drivers/STM32F4xx_HAL_Driver/stm32f4xx_hal_rcc.o
 .debug_rnglists
                0x000003c2      0x31a ./Drivers/STM32F4xx_HAL_Driver/stm32f4xx_hal_tim.o
 .debug_rnglists
                0x000006dc      0x125 ./Drivers/STM32F4xx_HAL_Driver/stm32f4xx_hal_tim_ex.o
 .debug_rnglists
                0x00000801      0x1bc ./Drivers/STM32F4xx_HAL_Driver/stm32f4xx_hal_uart.o
 .debug_rnglists
                0x000009bd       0x19 ./HAL/ultrasonic/ultrasonic.o

.debug_macro    0x00000000    0x16090
 .debug_macro   0x00000000      0x1e7 ./Core/Src/gpio.o
 .debug_macro   0x000001e7      0xab4 ./Core/Src/gpio.o
 .debug_macro   0x00000c9b      0x29b ./Core/Src/gpio.o
 .debug_macro   0x00000f36       0x2e ./Core/Src/gpio.o
 .debug_macro   0x00000f64       0x28 ./Core/Src/gpio.o
 .debug_macro   0x00000f8c       0x22 ./Core/Src/gpio.o
 .debug_macro   0x00000fae       0x8e ./Core/Src/gpio.o
 .debug_macro   0x0000103c       0x51 ./Core/Src/gpio.o
 .debug_macro   0x0000108d      0x103 ./Core/Src/gpio.o
 .debug_macro   0x00001190       0x6a ./Core/Src/gpio.o
 .debug_macro   0x000011fa      0x1df ./Core/Src/gpio.o
 .debug_macro   0x000013d9       0x1c ./Core/Src/gpio.o
 .debug_macro   0x000013f5       0x22 ./Core/Src/gpio.o
 .debug_macro   0x00001417       0xfb ./Core/Src/gpio.o
 .debug_macro   0x00001512     0x1011 ./Core/Src/gpio.o
 .debug_macro   0x00002523      0x11f ./Core/Src/gpio.o
 .debug_macro   0x00002642     0xb86c ./Core/Src/gpio.o
 .debug_macro   0x0000deae       0x6d ./Core/Src/gpio.o
 .debug_macro   0x0000df1b     0x369a ./Core/Src/gpio.o
 .debug_macro   0x000115b5      0x189 ./Core/Src/gpio.o
 .debug_macro   0x0001173e       0x5c ./Core/Src/gpio.o
 .debug_macro   0x0001179a      0x416 ./Core/Src/gpio.o
 .debug_macro   0x00011bb0      0x9e9 ./Core/Src/gpio.o
 .debug_macro   0x00012599      0x115 ./Core/Src/gpio.o
 .debug_macro   0x000126ae       0xf8 ./Core/Src/gpio.o
 .debug_macro   0x000127a6       0xa5 ./Core/Src/gpio.o
 .debug_macro   0x0001284b      0x15f ./Core/Src/gpio.o
 .debug_macro   0x000129aa      0x287 ./Core/Src/gpio.o
 .debug_macro   0x00012c31       0x5f ./Core/Src/gpio.o
 .debug_macro   0x00012c90      0x236 ./Core/Src/gpio.o
 .debug_macro   0x00012ec6      0x132 ./Core/Src/gpio.o
 .debug_macro   0x00012ff8      0x23a ./Core/Src/gpio.o
 .debug_macro   0x00013232       0x2e ./Core/Src/gpio.o
 .debug_macro   0x00013260      0x127 ./Core/Src/gpio.o
 .debug_macro   0x00013387       0x85 ./Core/Src/gpio.o
 .debug_macro   0x0001340c       0x89 ./Core/Src/gpio.o
 .debug_macro   0x00013495      0x8ed ./Core/Src/gpio.o
 .debug_macro   0x00013d82       0x47 ./Core/Src/gpio.o
 .debug_macro   0x00013dc9      0x2aa ./Core/Src/gpio.o
 .debug_macro   0x00014073      0x126 ./Core/Src/gpio.o
 .debug_macro   0x00014199       0x64 ./Core/Src/gpio.o
 .debug_macro   0x000141fd      0x21d ./Core/Src/main.o
 .debug_macro   0x0001441a      0x1dd ./Core/Src/stm32f4xx_hal_msp.o
 .debug_macro   0x000145f7      0x1e7 ./Core/Src/stm32f4xx_it.o
 .debug_macro   0x000147de      0x1ce ./Core/Src/system_stm32f4xx.o
 .debug_macro   0x000149ac      0x1e7 ./Core/Src/tim.o
 .debug_macro   0x00014b93      0x1e7 ./Core/Src/usart.o
 .debug_macro   0x00014d7a      0x22e ./Drivers/STM32F4xx_HAL_Driver/stm32f4xx_hal.o
 .debug_macro   0x00014fa8      0x1ce ./Drivers/STM32F4xx_HAL_Driver/stm32f4xx_hal_cortex.o
 .debug_macro   0x00015176      0x1d4 ./Drivers/STM32F4xx_HAL_Driver/stm32f4xx_hal_dma.o
 .debug_macro   0x0001534a      0x1d4 ./Drivers/STM32F4xx_HAL_Driver/stm32f4xx_hal_gpio.o
 .debug_macro   0x0001551e      0x1f2 ./Drivers/STM32F4xx_HAL_Driver/stm32f4xx_hal_rcc.o
 .debug_macro   0x00015710      0x1cf ./Drivers/STM32F4xx_HAL_Driver/stm32f4xx_hal_tim.o
 .debug_macro   0x000158df      0x1ce ./Drivers/STM32F4xx_HAL_Driver/stm32f4xx_hal_tim_ex.o
 .debug_macro   0x00015aad      0x1cf ./Drivers/STM32F4xx_HAL_Driver/stm32f4xx_hal_uart.o
 .debug_macro   0x00015c7c      0x205 ./HAL/ultrasonic/ultrasonic.o
 .debug_macro   0x00015e81      0x20f ./HAL/ultrasonic/ultrasonic_cfg.o

.debug_line     0x00000000    0x112dd
 .debug_line    0x00000000      0x865 ./Core/Src/gpio.o
 .debug_line    0x00000865      0xa79 ./Core/Src/main.o
 .debug_line    0x000012de      0x83b ./Core/Src/stm32f4xx_hal_msp.o
 .debug_line    0x00001b19      0x945 ./Core/Src/stm32f4xx_it.o
 .debug_line    0x0000245e      0x8bf ./Core/Src/system_stm32f4xx.o
 .debug_line    0x00002d1d      0x8de ./Core/Src/tim.o
 .debug_line    0x000035fb      0x8a7 ./Core/Src/usart.o
 .debug_line    0x00003ea2       0x7a ./Core/Startup/startup_stm32f401rctx.o
 .debug_line    0x00003f1c      0xb63 ./Drivers/STM32F4xx_HAL_Driver/stm32f4xx_hal.o
 .debug_line    0x00004a7f      0xe55 ./Drivers/STM32F4xx_HAL_Driver/stm32f4xx_hal_cortex.o
 .debug_line    0x000058d4     0x10d3 ./Drivers/STM32F4xx_HAL_Driver/stm32f4xx_hal_dma.o
 .debug_line    0x000069a7      0xcb3 ./Drivers/STM32F4xx_HAL_Driver/stm32f4xx_hal_gpio.o
 .debug_line    0x0000765a      0xeec ./Drivers/STM32F4xx_HAL_Driver/stm32f4xx_hal_rcc.o
 .debug_line    0x00008546     0x36e1 ./Drivers/STM32F4xx_HAL_Driver/stm32f4xx_hal_tim.o
 .debug_line    0x0000bc27     0x1af4 ./Drivers/STM32F4xx_HAL_Driver/stm32f4xx_hal_tim_ex.o
 .debug_line    0x0000d71b     0x2a35 ./Drivers/STM32F4xx_HAL_Driver/stm32f4xx_hal_uart.o
 .debug_line    0x00010150      0x8f3 ./HAL/ultrasonic/ultrasonic.o
 .debug_line    0x00010a43      0x89a ./HAL/ultrasonic/ultrasonic_cfg.o

.debug_str      0x00000000    0x89f8d
 .debug_str     0x00000000    0x86396 ./Core/Src/gpio.o
                              0x86609 (size before relaxing)
 .debug_str     0x00086396      0x9d7 ./Core/Src/main.o
                              0x87054 (size before relaxing)
 .debug_str     0x00086d6d       0x2c ./Core/Src/stm32f4xx_hal_msp.o
                              0x8653e (size before relaxing)
 .debug_str     0x00086d99      0x133 ./Core/Src/stm32f4xx_it.o
                              0x86c81 (size before relaxing)
 .debug_str     0x00086ecc       0xdb ./Core/Src/system_stm32f4xx.o
                              0x86462 (size before relaxing)
 .debug_str     0x00086fa7      0x566 ./Core/Src/tim.o
                              0x870cf (size before relaxing)
 .debug_str     0x0008750d       0x51 ./Core/Src/usart.o
                              0x86e98 (size before relaxing)
 .debug_str     0x0008755e       0x44 ./Core/Startup/startup_stm32f401rctx.o
                                 0x6a (size before relaxing)
 .debug_str     0x000875a2      0x652 ./Drivers/STM32F4xx_HAL_Driver/stm32f4xx_hal.o
                              0x86ebf (size before relaxing)
 .debug_str     0x00087bf4      0x3a6 ./Drivers/STM32F4xx_HAL_Driver/stm32f4xx_hal_cortex.o
                              0x86c29 (size before relaxing)
 .debug_str     0x00087f9a      0x35e ./Drivers/STM32F4xx_HAL_Driver/stm32f4xx_hal_dma.o
                              0x868a5 (size before relaxing)
 .debug_str     0x000882f8      0x15c ./Drivers/STM32F4xx_HAL_Driver/stm32f4xx_hal_gpio.o
                              0x86618 (size before relaxing)
 .debug_str     0x00088454      0x26e ./Drivers/STM32F4xx_HAL_Driver/stm32f4xx_hal_rcc.o
                              0x868d1 (size before relaxing)
 .debug_str     0x000886c2      0xd91 ./Drivers/STM32F4xx_HAL_Driver/stm32f4xx_hal_tim.o
                              0x87815 (size before relaxing)
 .debug_str     0x00089453      0x4ce ./Drivers/STM32F4xx_HAL_Driver/stm32f4xx_hal_tim_ex.o
                              0x87021 (size before relaxing)
 .debug_str     0x00089921      0x612 ./Drivers/STM32F4xx_HAL_Driver/stm32f4xx_hal_uart.o
                              0x86ea0 (size before relaxing)
 .debug_str     0x00089f33       0x37 ./HAL/ultrasonic/ultrasonic.o
                              0x86a7e (size before relaxing)
 .debug_str     0x00089f6a       0x23 ./HAL/ultrasonic/ultrasonic_cfg.o
                              0x86a44 (size before relaxing)

.comment        0x00000000       0x43
 .comment       0x00000000       0x43 ./Core/Src/gpio.o
                                 0x44 (size before relaxing)
 .comment       0x00000043       0x44 ./Core/Src/main.o
 .comment       0x00000043       0x44 ./Core/Src/stm32f4xx_hal_msp.o
 .comment       0x00000043       0x44 ./Core/Src/stm32f4xx_it.o
 .comment       0x00000043       0x44 ./Core/Src/system_stm32f4xx.o
 .comment       0x00000043       0x44 ./Core/Src/tim.o
 .comment       0x00000043       0x44 ./Core/Src/usart.o
 .comment       0x00000043       0x44 ./Drivers/STM32F4xx_HAL_Driver/stm32f4xx_hal.o
 .comment       0x00000043       0x44 ./Drivers/STM32F4xx_HAL_Driver/stm32f4xx_hal_cortex.o
 .comment       0x00000043       0x44 ./Drivers/STM32F4xx_HAL_Driver/stm32f4xx_hal_dma.o
 .comment       0x00000043       0x44 ./Drivers/STM32F4xx_HAL_Driver/stm32f4xx_hal_gpio.o
 .comment       0x00000043       0x44 ./Drivers/STM32F4xx_HAL_Driver/stm32f4xx_hal_rcc.o
 .comment       0x00000043       0x44 ./Drivers/STM32F4xx_HAL_Driver/stm32f4xx_hal_tim.o
 .comment       0x00000043       0x44 ./Drivers/STM32F4xx_HAL_Driver/stm32f4xx_hal_tim_ex.o
 .comment       0x00000043       0x44 ./Drivers/STM32F4xx_HAL_Driver/stm32f4xx_hal_uart.o
 .comment       0x00000043       0x44 ./HAL/ultrasonic/ultrasonic.o
 .comment       0x00000043       0x44 ./HAL/ultrasonic/ultrasonic_cfg.o

.debug_frame    0x00000000     0x3514
 .debug_frame   0x00000000       0x34 ./Core/Src/gpio.o
 .debug_frame   0x00000034       0xb0 ./Core/Src/main.o
 .debug_frame   0x000000e4       0x38 ./Core/Src/stm32f4xx_hal_msp.o
 .debug_frame   0x0000011c      0x158 ./Core/Src/stm32f4xx_it.o
 .debug_frame   0x00000274       0x58 ./Core/Src/system_stm32f4xx.o
 .debug_frame   0x000002cc       0x7c ./Core/Src/tim.o
 .debug_frame   0x00000348       0x74 ./Core/Src/usart.o
 .debug_frame   0x000003bc      0x374 ./Drivers/STM32F4xx_HAL_Driver/stm32f4xx_hal.o
 .debug_frame   0x00000730      0x508 ./Drivers/STM32F4xx_HAL_Driver/stm32f4xx_hal_cortex.o
 .debug_frame   0x00000c38      0x250 ./Drivers/STM32F4xx_HAL_Driver/stm32f4xx_hal_dma.o
 .debug_frame   0x00000e88      0x14c ./Drivers/STM32F4xx_HAL_Driver/stm32f4xx_hal_gpio.o
 .debug_frame   0x00000fd4      0x1f4 ./Drivers/STM32F4xx_HAL_Driver/stm32f4xx_hal_rcc.o
 .debug_frame   0x000011c8     0x11b8 ./Drivers/STM32F4xx_HAL_Driver/stm32f4xx_hal_tim.o
 .debug_frame   0x00002380      0x638 ./Drivers/STM32F4xx_HAL_Driver/stm32f4xx_hal_tim_ex.o
 .debug_frame   0x000029b8      0x954 ./Drivers/STM32F4xx_HAL_Driver/stm32f4xx_hal_uart.o
 .debug_frame   0x0000330c       0x5c ./HAL/ultrasonic/ultrasonic.o
 .debug_frame   0x00003368       0x20 C:/ST/STM32CubeIDE_1.16.0/STM32CubeIDE/plugins/com.st.stm32cube.ide.mcu.externaltools.gnu-tools-for-stm32.12.3.rel1.win32_1.0.200.202406191623/tools/bin/../lib/gcc/arm-none-eabi/12.3.1/../../../../arm-none-eabi/lib/thumb/v7e-m+fp/hard\libc_nano.a(libc_a-memset.o)
 .debug_frame   0x00003388       0x2c C:/ST/STM32CubeIDE_1.16.0/STM32CubeIDE/plugins/com.st.stm32cube.ide.mcu.externaltools.gnu-tools-for-stm32.12.3.rel1.win32_1.0.200.202406191623/tools/bin/../lib/gcc/arm-none-eabi/12.3.1/../../../../arm-none-eabi/lib/thumb/v7e-m+fp/hard\libc_nano.a(libc_a-init.o)
 .debug_frame   0x000033b4       0x30 C:/ST/STM32CubeIDE_1.16.0/STM32CubeIDE/plugins/com.st.stm32cube.ide.mcu.externaltools.gnu-tools-for-stm32.12.3.rel1.win32_1.0.200.202406191623/tools/bin/../lib/gcc/arm-none-eabi/12.3.1/thumb/v7e-m+fp/hard\libgcc.a(_arm_muldf3.o)
 .debug_frame   0x000033e4       0xac C:/ST/STM32CubeIDE_1.16.0/STM32CubeIDE/plugins/com.st.stm32cube.ide.mcu.externaltools.gnu-tools-for-stm32.12.3.rel1.win32_1.0.200.202406191623/tools/bin/../lib/gcc/arm-none-eabi/12.3.1/thumb/v7e-m+fp/hard\libgcc.a(_arm_addsubdf3.o)
 .debug_frame   0x00003490       0x24 C:/ST/STM32CubeIDE_1.16.0/STM32CubeIDE/plugins/com.st.stm32cube.ide.mcu.externaltools.gnu-tools-for-stm32.12.3.rel1.win32_1.0.200.202406191623/tools/bin/../lib/gcc/arm-none-eabi/12.3.1/thumb/v7e-m+fp/hard\libgcc.a(_arm_fixunsdfsi.o)
 .debug_frame   0x000034b4       0x2c C:/ST/STM32CubeIDE_1.16.0/STM32CubeIDE/plugins/com.st.stm32cube.ide.mcu.externaltools.gnu-tools-for-stm32.12.3.rel1.win32_1.0.200.202406191623/tools/bin/../lib/gcc/arm-none-eabi/12.3.1/thumb/v7e-m+fp/hard\libgcc.a(_aeabi_uldivmod.o)
 .debug_frame   0x000034e0       0x34 C:/ST/STM32CubeIDE_1.16.0/STM32CubeIDE/plugins/com.st.stm32cube.ide.mcu.externaltools.gnu-tools-for-stm32.12.3.rel1.win32_1.0.200.202406191623/tools/bin/../lib/gcc/arm-none-eabi/12.3.1/thumb/v7e-m+fp/hard\libgcc.a(_udivmoddi4.o)

.debug_line_str
                0x00000000       0x4e
 .debug_line_str
                0x00000000       0x4e ./Core/Startup/startup_stm32f401rctx.o
